// Jest Snapshot v1, https://goo.gl/fbAQLP

exports[`The page component should renders correctly 1`] = `
<div
  className="page-container"
>
  <a
    onClick={[Function]}
    style={Object {}}
  >
    <span>
      Retour
    </span>
  </a>
  <p />
  <button
    onClick={[Function]}
  >
    <span>
      Click sur moi
    </span>
  </button>
  <div
    className="itemContainer"
  >
    <div>
      item 1
    </div>
    <div>
      item 2
    </div>
    <div>
      item 3
    </div>
  </div>
</div>
`;
